// Jest Snapshot v1, https://goo.gl/fbAQLP

exports[`should render Expense dashboard 1`] = `
<div>
  <Connect(ExpenseListfilter) />
  <Connect(ExpenseList) />
</div>
`;
