// Jest Snapshot v1, https://goo.gl/fbAQLP

exports[`should render NotfoundPage 1`] = `
<div>
  <p>
    404 
    <Link
      replace={false}
      to="/"
    >
      GO Home
    </Link>
     
  </p>
</div>
`;
